A51 MACRO ASSEMBLER  01B                                                                  07/13/2018 21:30:46 PAGE     1


MACRO ASSEMBLER A51 V8.2.7.0
OBJECT MODULE PLACED IN .\Objects\01b.obj
ASSEMBLER INVOKED BY: C:\Keil_v5\C51\BIN\A51.EXE 01b.asm SET(SMALL) DEBUG PRINT(.\Listings\01b.lst) OBJECT(.\Objects\01b
                      .obj) EP

LOC  OBJ            LINE     SOURCE

                       1     ;Exp 01b : Simple assembly langauge programming 8051 microcontroller
                       2     ;A2 311036 Malhar Deshmukh
                       3     ;6-Jul-2018
                       4     
0000                   5     org 0000h
0000 7940              6             mov r1,#40h                     ;source
0002 903000            7             mov DPTR,#3000h         ;destination
0005 7A05              8             mov r2,#5h                      ;length of block stored in r2
                       9                     
0007                  10     MovData:        
0007 E7               11             mov a,@r1                       ;move from addr in r1 to A
0008 F0               12             movx @DPTR,a            ;move to addr in r0 from A
0009 A3               13             inc DPTR                        ;increment destination pointer
000A 09               14             inc r1                          ;increment source pointer
000B DAFA             15             djnz r2,Movdata         ;dec r2,jump if r2!=0
                      16     end
                                                     
A51 MACRO ASSEMBLER  01B                                                                  07/13/2018 21:30:46 PAGE     2

SYMBOL TABLE LISTING
------ ----- -------


N A M E             T Y P E  V A L U E   ATTRIBUTES

MOVDATA. . . . . .  C ADDR   0007H   A   


REGISTER BANK(S) USED: 0 


ASSEMBLY COMPLETE.  0 WARNING(S), 0 ERROR(S)
